nohup: ignoring input
WARNING: All log messages before absl::InitializeLog() is called are written to STDERR
I0000 00:00:1789216027.182035 3204343 cpu_feature_guard.cc:227] This TensorFlow binary is optimized to use available CPU instructions in performance-critical operations.
To enable the following instructions: AVX2 FMA, in other operations, rebuild TensorFlow with the appropriate compiler flags.
=== iforest / camlds: production vs. candidate, 15-repeat protocol (matches headline methodology) ===
Candidate overrides (delta from production): {'n_estimators': 400, 'max_samples': 512}

Running PRODUCTION config (hp_overrides=None -> current config.py values)...
[ingestion] Loaded CAM-LDS: 90,805 rows from ../data/dataset1_features.csv
[ingestion]   Features available: 20/20
[ingestion]   Benign: 41,783  Attack: 49,022 (54.0% attack)
[train_eval] iforest repeat 1/15: F1=0.2550 AUROC=0.5066 FPR=0.0453
[train_eval] iforest repeat 2/15: F1=0.2672 AUROC=0.5154 FPR=0.0482
[train_eval] iforest repeat 3/15: F1=0.2460 AUROC=0.5174 FPR=0.0470
[train_eval] iforest repeat 4/15: F1=0.2697 AUROC=0.5929 FPR=0.0460
[train_eval] iforest repeat 5/15: F1=0.2434 AUROC=0.5228 FPR=0.0443
[train_eval] iforest repeat 6/15: F1=0.2380 AUROC=0.5860 FPR=0.0463
[train_eval] iforest repeat 7/15: F1=0.2367 AUROC=0.4918 FPR=0.0454
[train_eval] iforest repeat 8/15: F1=0.2522 AUROC=0.5415 FPR=0.0459
[train_eval] iforest repeat 9/15: F1=0.2664 AUROC=0.5067 FPR=0.0461
[train_eval] iforest repeat 10/15: F1=0.2628 AUROC=0.4841 FPR=0.0478
[train_eval] iforest repeat 11/15: F1=0.2639 AUROC=0.5378 FPR=0.0464
[train_eval] iforest repeat 12/15: F1=0.2718 AUROC=0.5139 FPR=0.0478
[train_eval] iforest repeat 13/15: F1=0.3140 AUROC=0.5259 FPR=0.0464
[train_eval] iforest repeat 14/15: F1=0.2685 AUROC=0.5342 FPR=0.0497
[train_eval] iforest repeat 15/15: F1=0.2586 AUROC=0.6091 FPR=0.0483
  F1=0.2610±0.0187  AUROC=0.5324±0.0367
Running CANDIDATE config...
[ingestion] Loaded CAM-LDS: 90,805 rows from ../data/dataset1_features.csv
[ingestion]   Features available: 20/20
[ingestion]   Benign: 41,783  Attack: 49,022 (54.0% attack)
[train_eval] iforest repeat 1/15: F1=0.3048 AUROC=0.5049 FPR=0.0490
[train_eval] iforest repeat 2/15: F1=0.2853 AUROC=0.5061 FPR=0.0510
[train_eval] iforest repeat 3/15: F1=0.2822 AUROC=0.5259 FPR=0.0481
[train_eval] iforest repeat 4/15: F1=0.3482 AUROC=0.5307 FPR=0.0516
[train_eval] iforest repeat 5/15: F1=0.2680 AUROC=0.5630 FPR=0.0846
[train_eval] iforest repeat 6/15: F1=0.3306 AUROC=0.5414 FPR=0.0495
[train_eval] iforest repeat 7/15: F1=0.3245 AUROC=0.5122 FPR=0.0505
[train_eval] iforest repeat 8/15: F1=0.3243 AUROC=0.5202 FPR=0.0477
[train_eval] iforest repeat 9/15: F1=0.2914 AUROC=0.4904 FPR=0.0475
[train_eval] iforest repeat 10/15: F1=0.2870 AUROC=0.4693 FPR=0.0477
[train_eval] iforest repeat 11/15: F1=0.3310 AUROC=0.5416 FPR=0.0511
[train_eval] iforest repeat 12/15: F1=0.3031 AUROC=0.5080 FPR=0.0496
[train_eval] iforest repeat 13/15: F1=0.3409 AUROC=0.5227 FPR=0.0473
[train_eval] iforest repeat 14/15: F1=0.2815 AUROC=0.5457 FPR=0.0739
[train_eval] iforest repeat 15/15: F1=0.2809 AUROC=0.6106 FPR=0.0472
  F1=0.3056±0.0256  AUROC=0.5262±0.0331

Delta F1: +0.0446  (signal/noise ratio: 1.41)
VERDICT: CANDIDATE GENUINELY BETTER -- consider adopting, then re-run downstream pipeline (cross-dataset, cascade, error analysis) to match

Saved: results/current/hyperparameter_verification/camlds_iforest_verdict.csv
