nohup: ignoring input
WARNING: All log messages before absl::InitializeLog() is called are written to STDERR
I0000 00:00:1789216027.196183 3204342 cpu_feature_guard.cc:227] This TensorFlow binary is optimized to use available CPU instructions in performance-critical operations.
To enable the following instructions: AVX2 FMA, in other operations, rebuild TensorFlow with the appropriate compiler flags.
=== rf / casino: production vs. candidate, 15-repeat protocol (matches headline methodology) ===
Candidate overrides (delta from production): {'max_depth': 12, 'n_estimators': 500}

Running PRODUCTION config (hp_overrides=None -> current config.py values)...
[ingestion] Loaded CasinoLimit: 91,692 rows from ../data/casino_process_level_ds.csv
[ingestion]   Excluded techniques ['T1003', 'T1078']: 0 rows removed, 91,692 remain
[ingestion]   Features available: 17/20  (missing: ['is_suid_exec', 'ephemeral_privileged', 'parent_child_rarity'])
[ingestion]   Benign: 75,999  Attack: 15,693 (17.1% attack)
[train_eval] rf repeat 1/15: F1=0.9871 AUROC=0.9991 FPR=0.0028
[train_eval] rf repeat 2/15: F1=0.9905 AUROC=0.9985 FPR=0.0029
[train_eval] rf repeat 3/15: F1=0.9906 AUROC=0.9985 FPR=0.0030
[train_eval] rf repeat 4/15: F1=0.9805 AUROC=0.9987 FPR=0.0026
[train_eval] rf repeat 5/15: F1=0.9859 AUROC=0.9991 FPR=0.0029
[train_eval] rf repeat 6/15: F1=0.9902 AUROC=0.9987 FPR=0.0029
[train_eval] rf repeat 7/15: F1=0.8855 AUROC=0.9942 FPR=0.0026
[train_eval] rf repeat 8/15: F1=0.9872 AUROC=0.9988 FPR=0.0027
[train_eval] rf repeat 9/15: F1=0.9901 AUROC=0.9989 FPR=0.0031
[train_eval] rf repeat 10/15: F1=0.9698 AUROC=0.9982 FPR=0.0030
[train_eval] rf repeat 11/15: F1=0.8977 AUROC=0.9989 FPR=0.0025
[train_eval] rf repeat 12/15: F1=0.9891 AUROC=0.9980 FPR=0.0029
[train_eval] rf repeat 13/15: F1=0.9289 AUROC=0.9982 FPR=0.0026
[train_eval] rf repeat 14/15: F1=0.9145 AUROC=0.9990 FPR=0.0028
[train_eval] rf repeat 15/15: F1=0.9862 AUROC=0.9896 FPR=0.0027
  F1=0.9649±0.0378  AUROC=0.9978±0.0026
Running CANDIDATE config...
[ingestion] Loaded CasinoLimit: 91,692 rows from ../data/casino_process_level_ds.csv
[ingestion]   Excluded techniques ['T1003', 'T1078']: 0 rows removed, 91,692 remain
[ingestion]   Features available: 17/20  (missing: ['is_suid_exec', 'ephemeral_privileged', 'parent_child_rarity'])
[ingestion]   Benign: 75,999  Attack: 15,693 (17.1% attack)
[train_eval] rf repeat 1/15: F1=0.9871 AUROC=0.9991 FPR=0.0028
[train_eval] rf repeat 2/15: F1=0.9905 AUROC=0.9989 FPR=0.0029
[train_eval] rf repeat 3/15: F1=0.9906 AUROC=0.9984 FPR=0.0030
[train_eval] rf repeat 4/15: F1=0.9805 AUROC=0.9987 FPR=0.0026
[train_eval] rf repeat 5/15: F1=0.9859 AUROC=0.9991 FPR=0.0029
[train_eval] rf repeat 6/15: F1=0.9902 AUROC=0.9987 FPR=0.0029
[train_eval] rf repeat 7/15: F1=0.8847 AUROC=0.9944 FPR=0.0026
[train_eval] rf repeat 8/15: F1=0.9872 AUROC=0.9988 FPR=0.0027
[train_eval] rf repeat 9/15: F1=0.9903 AUROC=0.9990 FPR=0.0031
[train_eval] rf repeat 10/15: F1=0.9698 AUROC=0.9980 FPR=0.0030
[train_eval] rf repeat 11/15: F1=0.8977 AUROC=0.9988 FPR=0.0025
[train_eval] rf repeat 12/15: F1=0.9892 AUROC=0.9980 FPR=0.0029
[train_eval] rf repeat 13/15: F1=0.9291 AUROC=0.9982 FPR=0.0026
[train_eval] rf repeat 14/15: F1=0.9144 AUROC=0.9990 FPR=0.0028
[train_eval] rf repeat 15/15: F1=0.9862 AUROC=0.9902 FPR=0.0027
  F1=0.9649±0.0379  AUROC=0.9978±0.0024

Delta F1: -0.0000  (signal/noise ratio: 0.00)
VERDICT: NO REAL DIFFERENCE -- delta is within noise, keep production config as-is, cite this verification in the report instead of leaving it unresolved

Saved: results/current/hyperparameter_verification/casino_rf_verdict.csv
