nohup: ignoring input
WARNING: All log messages before absl::InitializeLog() is called are written to STDERR
I0000 00:00:1789229184.875910 3466285 cpu_feature_guard.cc:227] This TensorFlow binary is optimized to use available CPU instructions in performance-critical operations.
To enable the following instructions: AVX2 AVX512F FMA, in other operations, rebuild TensorFlow with the appropriate compiler flags.
WARNING:tensorflow:5 out of the last 8 calls to <function TensorFlowTrainer.make_predict_function.<locals>.one_step_on_data_distributed at 0x7e94bc09e680> triggered tf.function retracing. Tracing is expensive and the excessive number of tracings could be due to (1) creating @tf.function repeatedly in a loop, (2) passing tensors with different shapes, (3) passing Python objects instead of tensors. For (1), please define your @tf.function outside of the loop. For (2), @tf.function has reduce_retracing=True option that can avoid unnecessary retracing. For (3), please refer to https://www.tensorflow.org/guide/function#controlling_retracing and https://www.tensorflow.org/api_docs/python/tf/function for  more details.
WARNING:tensorflow:6 out of the last 9 calls to <function TensorFlowTrainer.make_predict_function.<locals>.one_step_on_data_distributed at 0x7e94be67c9d0> triggered tf.function retracing. Tracing is expensive and the excessive number of tracings could be due to (1) creating @tf.function repeatedly in a loop, (2) passing tensors with different shapes, (3) passing Python objects instead of tensors. For (1), please define your @tf.function outside of the loop. For (2), @tf.function has reduce_retracing=True option that can avoid unnecessary retracing. For (3), please refer to https://www.tensorflow.org/guide/function#controlling_retracing and https://www.tensorflow.org/api_docs/python/tf/function for  more details.
[ingestion] Loaded CasinoLimit: 91,692 rows from ../data/casino_process_level_ds.csv
[ingestion]   Excluded techniques ['T1003', 'T1078']: 0 rows removed, 91,692 remain
[ingestion]   Features available: 17/20  (missing: ['is_suid_exec', 'ephemeral_privileged', 'parent_child_rarity'])
[ingestion]   Benign: 75,999  Attack: 15,693 (17.1% attack)
[casino/mlp] repeat 0 fold 0: SKIPPED -- degenerate test fold.
[casino/mlp] repeat 0 fold 1: F1=0.9901 AUROC=0.9985 FPR=0.0026 FNR=0.0000  routed=0.0%  avg_stage2_weight=0.312
[casino/mlp] repeat 0 fold 2: F1=0.9757 AUROC=0.9989 FPR=0.0059 FNR=0.0430  routed=0.0%  avg_stage2_weight=0.000
[casino/mlp] repeat 0 fold 3: F1=0.9958 AUROC=0.9940 FPR=0.1895 FNR=0.0000  routed=6.4%  avg_stage2_weight=0.954
[casino/mlp] repeat 0 fold 4: F1=0.9982 AUROC=0.9985 FPR=0.1818 FNR=0.0000  routed=0.0%  avg_stage2_weight=0.000
[casino/mlp] repeat 1 fold 0: SKIPPED -- degenerate test fold.
[casino/mlp] repeat 1 fold 1: F1=0.9681 AUROC=0.9970 FPR=0.0000 FNR=0.0617  routed=0.0%  avg_stage2_weight=0.000
[casino/mlp] repeat 1 fold 2: F1=0.9896 AUROC=0.9247 FPR=0.1452 FNR=0.0000  routed=0.0%  avg_stage2_weight=0.301
[casino/mlp] repeat 1 fold 3: F1=0.2273 AUROC=1.0000 FPR=0.0000 FNR=0.8649  routed=0.0%  avg_stage2_weight=0.136
[casino/mlp] repeat 1 fold 4: F1=0.9710 AUROC=0.9985 FPR=0.1707 FNR=0.0000  routed=0.0%  avg_stage2_weight=0.000
[casino/mlp] repeat 2 fold 0: SKIPPED -- degenerate test fold.
[casino/mlp] repeat 2 fold 1: F1=0.9917 AUROC=0.9839 FPR=0.0212 FNR=0.0116  routed=0.0%  avg_stage2_weight=0.000
[casino/mlp] repeat 2 fold 2: F1=0.9871 AUROC=0.6833 FPR=0.5376 FNR=0.0000  routed=0.0%  avg_stage2_weight=0.057
[casino/mlp] repeat 2 fold 3: F1=0.9984 AUROC=0.9996 FPR=0.0000 FNR=0.0031  routed=0.0%  avg_stage2_weight=0.002
[casino/mlp] repeat 2 fold 4: F1=1.0000 AUROC=1.0000 FPR=0.0000 FNR=0.0000  routed=0.0%  avg_stage2_weight=0.000
[casino/mlp] repeat 3 fold 0: SKIPPED -- degenerate test fold.
[casino/mlp] repeat 3 fold 1: F1=0.9892 AUROC=0.9414 FPR=0.0887 FNR=0.0004  routed=0.0%  avg_stage2_weight=0.402
[casino/mlp] repeat 3 fold 2: F1=0.9889 AUROC=0.9041 FPR=0.2853 FNR=0.0082  routed=0.2%  avg_stage2_weight=0.494
[casino/mlp] repeat 3 fold 3: F1=0.9997 AUROC=0.9999 FPR=0.0000 FNR=0.0006  routed=0.0%  avg_stage2_weight=0.000
[casino/mlp] repeat 3 fold 4: F1=0.6451 AUROC=1.0000 FPR=0.0000 FNR=0.5238  routed=0.2%  avg_stage2_weight=0.413
[casino/mlp] repeat 4 fold 0: SKIPPED -- degenerate test fold.
[casino/mlp] repeat 4 fold 1: F1=0.9880 AUROC=0.9996 FPR=0.0013 FNR=0.0104  routed=0.2%  avg_stage2_weight=0.579
[casino/mlp] repeat 4 fold 2: F1=0.9922 AUROC=0.8182 FPR=0.3281 FNR=0.0001  routed=0.1%  avg_stage2_weight=0.283
[casino/mlp] repeat 4 fold 3: F1=0.9990 AUROC=0.9998 FPR=0.0000 FNR=0.0020  routed=0.0%  avg_stage2_weight=0.000
[casino/mlp] repeat 4 fold 4: F1=0.9865 AUROC=0.9728 FPR=0.3385 FNR=0.0000  routed=0.1%  avg_stage2_weight=0.168
[casino/mlp] repeat 5 fold 0: SKIPPED -- degenerate test fold.
[casino/mlp] repeat 5 fold 1: F1=0.9776 AUROC=0.9466 FPR=0.0819 FNR=0.0168  routed=0.0%  avg_stage2_weight=0.000
[casino/mlp] repeat 5 fold 2: F1=0.9919 AUROC=0.9993 FPR=0.0013 FNR=0.0034  routed=0.0%  avg_stage2_weight=0.470
[casino/mlp] repeat 5 fold 3: F1=0.3750 AUROC=0.9152 FPR=0.0130 FNR=0.7679  routed=0.0%  avg_stage2_weight=0.000
[casino/mlp] repeat 5 fold 4: F1=0.9997 AUROC=1.0000 FPR=0.0000 FNR=0.0006  routed=0.0%  avg_stage2_weight=0.000
[casino/mlp] repeat 6 fold 0: SKIPPED -- degenerate test fold.
[casino/mlp] repeat 6 fold 1: F1=0.9473 AUROC=0.9997 FPR=0.0000 FNR=0.1002  routed=1.0%  avg_stage2_weight=0.414
[casino/mlp] repeat 6 fold 2: F1=0.9913 AUROC=0.8908 FPR=0.3003 FNR=0.0002  routed=0.0%  avg_stage2_weight=0.212
[casino/mlp] repeat 6 fold 3: F1=0.9978 AUROC=0.9999 FPR=0.0204 FNR=0.0000  routed=0.0%  avg_stage2_weight=0.000
[casino/mlp] repeat 6 fold 4: F1=0.9869 AUROC=0.4926 FPR=0.7317 FNR=0.0000  routed=0.0%  avg_stage2_weight=0.000
[casino/mlp] repeat 7 fold 0: SKIPPED -- degenerate test fold.
[casino/mlp] repeat 7 fold 1: F1=0.9890 AUROC=0.9994 FPR=0.0013 FNR=0.0128  routed=0.5%  avg_stage2_weight=0.671
[casino/mlp] repeat 7 fold 2: F1=0.9874 AUROC=0.8490 FPR=0.3003 FNR=0.0007  routed=0.1%  avg_stage2_weight=0.417
[casino/mlp] repeat 7 fold 3: F1=0.4464 AUROC=0.6783 FPR=0.0000 FNR=0.7126  routed=0.0%  avg_stage2_weight=0.000
[casino/mlp] repeat 7 fold 4: F1=1.0000 AUROC=1.0000 FPR=0.0000 FNR=0.0000  routed=0.0%  avg_stage2_weight=0.000
[casino/mlp] repeat 8 fold 0: SKIPPED -- degenerate test fold.
[casino/mlp] repeat 8 fold 1: F1=0.9887 AUROC=0.9751 FPR=0.0983 FNR=0.0074  routed=0.0%  avg_stage2_weight=0.000
[casino/mlp] repeat 8 fold 2: F1=0.9088 AUROC=0.9996 FPR=0.0012 FNR=0.1532  routed=0.9%  avg_stage2_weight=0.674
[casino/mlp] repeat 8 fold 3: F1=0.9744 AUROC=0.9995 FPR=0.0189 FNR=0.0000  routed=2.8%  avg_stage2_weight=0.158
[casino/mlp] repeat 8 fold 4: F1=1.0000 AUROC=1.0000 FPR=0.0000 FNR=0.0000  routed=0.0%  avg_stage2_weight=0.000
[casino/mlp] repeat 9 fold 0: SKIPPED -- degenerate test fold.
[casino/mlp] repeat 9 fold 1: F1=0.9548 AUROC=0.9851 FPR=0.0041 FNR=0.0855  routed=0.1%  avg_stage2_weight=0.703
[casino/mlp] repeat 9 fold 2: F1=0.9902 AUROC=0.7969 FPR=0.3470 FNR=0.0000  routed=0.1%  avg_stage2_weight=0.155
[casino/mlp] repeat 9 fold 3: F1=0.9998 AUROC=1.0000 FPR=0.0000 FNR=0.0003  routed=0.0%  avg_stage2_weight=0.000
[casino/mlp] repeat 9 fold 4: F1=0.9834 AUROC=0.6369 FPR=0.5844 FNR=0.0011  routed=0.0%  avg_stage2_weight=0.000
[casino/mlp] repeat 10 fold 0: SKIPPED -- degenerate test fold.
[casino/mlp] repeat 10 fold 1: F1=0.9901 AUROC=0.9981 FPR=0.0108 FNR=0.0191  routed=2.2%  avg_stage2_weight=0.579
[casino/mlp] repeat 10 fold 2: F1=0.9864 AUROC=0.7829 FPR=0.5426 FNR=0.0000  routed=0.1%  avg_stage2_weight=0.553
[casino/mlp] repeat 10 fold 3: F1=0.9986 AUROC=1.0000 FPR=0.0000 FNR=0.0029  routed=0.0%  avg_stage2_weight=0.000
[casino/mlp] repeat 10 fold 4: F1=0.4078 AUROC=0.9807 FPR=0.0000 FNR=0.7439  routed=0.0%  avg_stage2_weight=0.000
[casino/mlp] repeat 11 fold 0: SKIPPED -- degenerate test fold.
[casino/mlp] repeat 11 fold 1: F1=0.9809 AUROC=0.7491 FPR=0.4795 FNR=0.0092  routed=0.0%  avg_stage2_weight=0.570
[casino/mlp] repeat 11 fold 2: F1=0.9227 AUROC=1.0000 FPR=0.0000 FNR=0.1436  routed=1.1%  avg_stage2_weight=0.593
[casino/mlp] repeat 11 fold 3: F1=0.9997 AUROC=1.0000 FPR=0.0217 FNR=0.0000  routed=0.0%  avg_stage2_weight=0.000
[casino/mlp] repeat 11 fold 4: F1=0.9968 AUROC=0.9950 FPR=0.2000 FNR=0.0000  routed=0.0%  avg_stage2_weight=0.000
[casino/mlp] repeat 12 fold 0: SKIPPED -- degenerate test fold.
[casino/mlp] repeat 12 fold 1: F1=0.9669 AUROC=1.0000 FPR=0.0000 FNR=0.0641  routed=0.2%  avg_stage2_weight=0.796
[casino/mlp] repeat 12 fold 2: F1=0.9834 AUROC=0.7773 FPR=0.4581 FNR=0.0076  routed=0.0%  avg_stage2_weight=0.000
[casino/mlp] repeat 12 fold 3: F1=0.9992 AUROC=0.9783 FPR=0.0222 FNR=0.0000  routed=0.0%  avg_stage2_weight=0.000
[casino/mlp] repeat 12 fold 4: F1=0.9997 AUROC=1.0000 FPR=0.0000 FNR=0.0005  routed=0.0%  avg_stage2_weight=0.000
[casino/mlp] repeat 13 fold 0: SKIPPED -- degenerate test fold.
[casino/mlp] repeat 13 fold 1: F1=0.9779 AUROC=0.9978 FPR=0.0014 FNR=0.0252  routed=0.0%  avg_stage2_weight=0.231
[casino/mlp] repeat 13 fold 2: F1=0.9944 AUROC=0.9987 FPR=0.0033 FNR=0.0105  routed=0.0%  avg_stage2_weight=0.000
[casino/mlp] repeat 13 fold 3: F1=0.9942 AUROC=0.9456 FPR=0.0612 FNR=0.0029  routed=0.0%  avg_stage2_weight=0.000
[casino/mlp] repeat 13 fold 4: F1=0.9874 AUROC=0.8222 FPR=0.6577 FNR=0.0000  routed=0.0%  avg_stage2_weight=0.000
[casino/mlp] repeat 14 fold 0: SKIPPED -- degenerate test fold.
[casino/mlp] repeat 14 fold 1: F1=0.9915 AUROC=0.8059 FPR=0.4518 FNR=0.0001  routed=0.0%  avg_stage2_weight=0.058
[casino/mlp] repeat 14 fold 2: F1=0.7906 AUROC=0.9377 FPR=0.0000 FNR=0.3462  routed=0.4%  avg_stage2_weight=0.582
[casino/mlp] repeat 14 fold 3: F1=0.9991 AUROC=1.0000 FPR=0.0811 FNR=0.0000  routed=0.0%  avg_stage2_weight=0.000
[casino/mlp] repeat 14 fold 4: F1=1.0000 AUROC=1.0000 FPR=0.0000 FNR=0.0000  routed=0.1%  avg_stage2_weight=0.180

[casino/mlp] Weighted cascade summary (60/75 repeat-folds, 15 skipped): F1=0.9357+/-0.1644  AUROC=0.9358+/-0.1106  avg routed=0.3%  avg stage2 weight when routed=0.202
