nohup: ignoring input
WARNING: All log messages before absl::InitializeLog() is called are written to STDERR
I0000 00:00:1789229159.569530 3465377 cpu_feature_guard.cc:227] This TensorFlow binary is optimized to use available CPU instructions in performance-critical operations.
To enable the following instructions: AVX2 AVX512F FMA, in other operations, rebuild TensorFlow with the appropriate compiler flags.
======================================================================
Dataset=camlds  Model=iforest
======================================================================
[ingestion] Loaded CAM-LDS: 90,805 rows from ../data/dataset1_features.csv
[ingestion]   Features available: 20/20
[ingestion]   Benign: 41,783  Attack: 49,022 (54.0% attack)
[pipeline] Using 20 features (policy='full')
[train_eval] iforest repeat 1/15: F1=0.2393 AUROC=0.5653 FPR=0.0484
[train_eval] iforest repeat 2/15: F1=0.2462 AUROC=0.5174 FPR=0.0508
[train_eval] iforest repeat 3/15: F1=0.2311 AUROC=0.5807 FPR=0.0477
[train_eval] iforest repeat 4/15: F1=0.2469 AUROC=0.5836 FPR=0.0531
[train_eval] iforest repeat 5/15: F1=0.2156 AUROC=0.5804 FPR=0.1159
[train_eval] iforest repeat 6/15: F1=0.2295 AUROC=0.6021 FPR=0.0450
[train_eval] iforest repeat 7/15: F1=0.2303 AUROC=0.5046 FPR=0.0499
[train_eval] iforest repeat 8/15: F1=0.2382 AUROC=0.5639 FPR=0.0475
[train_eval] iforest repeat 9/15: F1=0.2299 AUROC=0.4777 FPR=0.0455
[train_eval] iforest repeat 10/15: F1=0.2515 AUROC=0.4920 FPR=0.0490
[train_eval] iforest repeat 11/15: F1=0.2636 AUROC=0.5902 FPR=0.0499
[train_eval] iforest repeat 12/15: F1=0.2580 AUROC=0.5600 FPR=0.0469
[train_eval] iforest repeat 13/15: F1=0.2535 AUROC=0.5180 FPR=0.0486
[train_eval] iforest repeat 14/15: F1=0.2313 AUROC=0.5752 FPR=0.0507
[train_eval] iforest repeat 15/15: F1=0.2573 AUROC=0.5994 FPR=0.0493

[SUMMARY] CAM-LDS / iforest: F1=0.2415+/-0.0137  AUROC=0.5540+/-0.0409  Precision=0.7627  Recall=0.1435  FPR=0.0532

CAM-LDS / iforest: F1=0.2415+/-0.0137  AUROC=0.5540+/-0.0409  Precision=0.7627  Recall=0.1435  FPR=0.0532
