nohup: ignoring input
WARNING: All log messages before absl::InitializeLog() is called are written to STDERR
I0000 00:00:1789229159.569484 3465380 cpu_feature_guard.cc:227] This TensorFlow binary is optimized to use available CPU instructions in performance-critical operations.
To enable the following instructions: AVX2 AVX512F FMA, in other operations, rebuild TensorFlow with the appropriate compiler flags.
[error_analysis] dataset=camlds models=['rf', 'xgb', 'mlp', 'iforest']
[ingestion] Loaded CAM-LDS: 90,805 rows from ../data/dataset1_features.csv
[ingestion]   Features available: 20/20
[ingestion]   Benign: 41,783  Attack: 49,022 (54.0% attack)
[error_analysis] rf fold 1/5 done
[error_analysis] rf fold 2/5 done
[error_analysis] rf fold 3/5 done
[error_analysis] rf fold 4/5 done
[error_analysis] rf fold 5/5 done
[error_analysis] xgb fold 1/5 done
[error_analysis] xgb fold 2/5 done
[error_analysis] xgb fold 3/5 done
[error_analysis] xgb fold 4/5 done
[error_analysis] xgb fold 5/5 done
[error_analysis] mlp fold 1/5 done
[error_analysis] mlp fold 2/5 done
[error_analysis] mlp fold 3/5 done
[error_analysis] mlp fold 4/5 done
[error_analysis] mlp fold 5/5 done
[error_analysis] iforest fold 1/5 done
[error_analysis] iforest fold 2/5 done
[error_analysis] iforest fold 3/5 done
[error_analysis] iforest fold 4/5 done
[error_analysis] iforest fold 5/5 done
[error_analysis] Saved full row-level predictions: results/current/error_analysis_results/camlds_mlp/camlds_error_rows.csv

=================================================================
rf
=================================================================
FN rate by technique (worst first):
errtype_rf                                      FN     TP  total   fn_rate
technique                                                                 
T1081_Credentials_In_Files                      14      6     20  0.700000
T1078_Valid_Accounts                          7180   7820  15000  0.478667
T1168_Local_Job_Scheduling                      17     32     49  0.346939
T1068_Exploitation_for_Privilege_Escalation      1      3      4  0.250000
T1166_Seuid_and_Setgid                        2026  12974  15000  0.135067
T1156_bash_profile_and_bashrc                   10     80     90  0.111111
T1169_Sudo                                       2     23     25  0.080000
T1070_Indicator_Removal_on_Host                  1     13     14  0.071429
T1108_Redundant_Access                           4     54     58  0.068966
T1016_System_Network_Configuration_Discovery     2     44     46  0.043478
T1107_File_Deletion                             28    775    803  0.034869
T1021_Remote_Services                            5    205    210  0.023810
T1087_Account_Discovery                         10   2691   2701  0.003702
T1043_Commonly_Used_Port                         8  14992  15000  0.000533
T1219_Remote_Access_Tools                        0      2      2  0.000000

Benign FP rate: 3610/41783 (8.64%)

Top 5 features most different between missed (FN) and caught (TP) attacks:
               feature   FN_mean   TP_mean  FN_over_TP_ratio
9   auid_euid_mismatch  0.060163  0.029335          2.050923
16       network_count  0.008917  2.406884          0.003705
13       priv_op_count  0.010421  0.472277          0.022066
15   file_access_count  0.032982  0.659087          0.050042
7   max_uid_euid_delta  0.253438  2.946946          0.086000

Top 5 features most different between false-positive and true-negative benign rows:
                 feature     FP_mean       TN_mean  cohens_d
14            exec_count    1.409418      2.536295 -0.827129
12     failed_call_count    4.152909      6.273204 -0.668549
2             seq_length    5.192244      7.534959 -0.570036
10  ephemeral_privileged    0.997507      0.883556  0.496436
0       lifetime_seconds  691.219467  49567.455782 -0.491109

=================================================================
xgb
=================================================================
FN rate by technique (worst first):
errtype_xgb                                     FN     TP  total   fn_rate
technique                                                                 
T1081_Credentials_In_Files                      14      6     20  0.700000
T1078_Valid_Accounts                          7407   7593  15000  0.493800
T1166_Seuid_and_Setgid                        1977  13023  15000  0.131800
T1168_Local_Job_Scheduling                       5     44     49  0.102041
T1169_Sudo                                       2     23     25  0.080000
T1016_System_Network_Configuration_Discovery     2     44     46  0.043478
T1108_Redundant_Access                           2     56     58  0.034483
T1107_File_Deletion                              9    794    803  0.011208
T1021_Remote_Services                            2    208    210  0.009524
T1087_Account_Discovery                          8   2693   2701  0.002962
T1043_Commonly_Used_Port                         0  15000  15000  0.000000
T1068_Exploitation_for_Privilege_Escalation      0      4      4  0.000000
T1070_Indicator_Removal_on_Host                  0     14     14  0.000000
T1156_bash_profile_and_bashrc                    0     90     90  0.000000
T1219_Remote_Access_Tools                        0      2      2  0.000000

Benign FP rate: 4204/41783 (10.06%)

Top 5 features most different between missed (FN) and caught (TP) attacks:
               feature   FN_mean   TP_mean  FN_over_TP_ratio
16       network_count  0.000000  2.416275          0.000000
17  shell_from_service  0.000000  0.000303          0.000000
13       priv_op_count  0.000742  0.475981          0.001560
15   file_access_count  0.006152  0.667374          0.009218
9   auid_euid_mismatch  0.058337  0.029676          1.965779

Top 5 features most different between false-positive and true-negative benign rows:
                 feature     FP_mean       TN_mean  cohens_d
10  ephemeral_privileged    0.998573      0.881636  0.508463
0       lifetime_seconds  162.395786  50399.187843 -0.504161
19   parent_child_rarity    0.979133      0.931787  0.438216
14            exec_count    1.893435      2.499960 -0.400986
12     failed_call_count    5.066603      6.204503 -0.319026

=================================================================
mlp
=================================================================
FN rate by technique (worst first):
errtype_mlp                                     FN     TP  total   fn_rate
technique                                                                 
T1156_bash_profile_and_bashrc                   58     32     90  0.644444
T1078_Valid_Accounts                          7474   7526  15000  0.498267
T1068_Exploitation_for_Privilege_Escalation      1      3      4  0.250000
T1168_Local_Job_Scheduling                       7     42     49  0.142857
T1169_Sudo                                       2     23     25  0.080000
T1108_Redundant_Access                           4     54     58  0.068966
T1016_System_Network_Configuration_Discovery     2     44     46  0.043478
T1166_Seuid_and_Setgid                         224  14776  15000  0.014933
T1021_Remote_Services                            3    207    210  0.014286
T1107_File_Deletion                             10    793    803  0.012453
T1087_Account_Discovery                         10   2691   2701  0.003702
T1043_Commonly_Used_Port                         1  14999  15000  0.000067
T1070_Indicator_Removal_on_Host                  0     14     14  0.000000
T1081_Credentials_In_Files                       0     20     20  0.000000
T1219_Remote_Access_Tools                        0      2      2  0.000000

Benign FP rate: 6505/41783 (15.57%)

Top 5 features most different between missed (FN) and caught (TP) attacks:
             feature       FN_mean       TP_mean  FN_over_TP_ratio
13     priv_op_count      0.000000      0.457308          0.000000
16     network_count      0.000641      2.320502          0.000276
5        uid_changed      0.031042      0.726071          0.042753
8       is_suid_exec      0.001026      0.004075          0.251814
0   lifetime_seconds  17754.449038  56993.592735          0.311517

Top 5 features most different between false-positive and true-negative benign rows:
                 feature      FP_mean       TN_mean  cohens_d
5            uid_changed     0.255650      0.021316  0.721136
10  ephemeral_privileged     0.997079      0.874284  0.516998
0       lifetime_seconds  1033.054569  53515.328870 -0.508534
19   parent_child_rarity     0.981634      0.928237  0.480147
14            exec_count     1.887010      2.540705 -0.429435

=================================================================
iforest
=================================================================
FN rate by technique (worst first):
errtype_iforest                                  FN    TP  total   fn_rate
technique                                                                 
T1081_Credentials_In_Files                       20     0     20  1.000000
T1166_Seuid_and_Setgid                        14433   567  15000  0.962200
T1078_Valid_Accounts                          14141   859  15000  0.942733
T1043_Commonly_Used_Port                      13441  1559  15000  0.896067
T1168_Local_Job_Scheduling                       12    37     49  0.244898
T1107_File_Deletion                              30   773    803  0.037360
T1021_Remote_Services                             1   209    210  0.004762
T1087_Account_Discovery                           7  2694   2701  0.002592
T1068_Exploitation_for_Privilege_Escalation       0     4      4  0.000000
T1016_System_Network_Configuration_Discovery      0    46     46  0.000000
T1070_Indicator_Removal_on_Host                   0    14     14  0.000000
T1156_bash_profile_and_bashrc                     0    90     90  0.000000
T1108_Redundant_Access                            0    58     58  0.000000
T1169_Sudo                                        0    25     25  0.000000
T1219_Remote_Access_Tools                         0     2      2  0.000000

Benign FP rate: 2023/41783 (4.84%)

Top 5 features most different between missed (FN) and caught (TP) attacks:
                 feature      FN_mean        TP_mean  FN_over_TP_ratio
1      events_per_second  4472.927323    1285.702832          3.478974
10  ephemeral_privileged     0.999929       0.485801          2.058310
8           is_suid_exec     0.000000       0.025371          0.000000
0       lifetime_seconds   184.422454  357542.182478          0.000516
15     file_access_count     0.003065       3.798904          0.000807

Top 5 features most different between false-positive and true-negative benign rows:
                 feature        FP_mean       TN_mean  cohens_d
10  ephemeral_privileged       0.096391      0.933954 -3.070353
0       lifetime_seconds  368770.350560  28888.616013  2.483984
1      events_per_second     583.516009   5939.898324 -1.509833
3        unique_syscalls       3.589718      2.927943  0.892207
2             seq_length      13.531389      7.017153  0.563092

=================================================================
Generating charts
=================================================================
[error_analysis] Saved: results/current/error_analysis_results/camlds_mlp/camlds_technique_fn_rates.png
[error_analysis] Saved: results/current/error_analysis_results/camlds_mlp/camlds_fp_feature_comparison.png

=================================================================
Pairwise model comparisons
=================================================================

rf wrong & xgb right: 712 rows
rf right & xgb wrong: 1426 rows

rf wrong & mlp right: 2972 rows
rf right & mlp wrong: 4355 rows

rf wrong & iforest right: 3760 rows
rf right & iforest wrong: 34950 rows

xgb wrong & mlp right: 2978 rows
xgb right & mlp wrong: 3647 rows

xgb wrong & iforest right: 4245 rows
xgb right & iforest wrong: 34721 rows

mlp wrong & iforest right: 6657 rows
mlp right & iforest wrong: 36464 rows

[error_analysis] Done. All outputs in results/current/error_analysis_results/camlds_mlp/
